  Determining projects to restore...
  All projects are up-to-date for restore.
/Users/netuser/Downloads/ErpPortal/Components/Pages/Dashboard.razor(33,21): error RZ10001: The type of component 'MudChip' cannot be inferred based on the values provided. Consider specifying the type arguments directly using the following attributes: 'T'. [/Users/netuser/Downloads/ErpPortal/ErpPortal.csproj]
/Users/netuser/Downloads/ErpPortal/Components/Pages/Tasks/Index.razor(46,17): error RZ10001: The type of component 'MudChip' cannot be inferred based on the values provided. Consider specifying the type arguments directly using the following attributes: 'T'. [/Users/netuser/Downloads/ErpPortal/ErpPortal.csproj]
/Users/netuser/Downloads/ErpPortal/Components/Routes.razor(3,9): error RZ10012: Found markup element with unexpected name 'AuthorizeRouteView'. If this is intended to be a component, add a @using directive for its namespace. [/Users/netuser/Downloads/ErpPortal/ErpPortal.csproj]
/Users/netuser/Downloads/ErpPortal/Components/Routes.razor(4,13): error RZ10012: Found markup element with unexpected name 'NotAuthorized'. If this is intended to be a component, add a @using directive for its namespace. [/Users/netuser/Downloads/ErpPortal/ErpPortal.csproj]
/Users/netuser/Downloads/ErpPortal/Components/Routes.razor(5,17): error RZ10012: Found markup element with unexpected name 'RedirectToLogin'. If this is intended to be a component, add a @using directive for its namespace. [/Users/netuser/Downloads/ErpPortal/ErpPortal.csproj]
/Users/netuser/Downloads/ErpPortal/Components/Routes.razor(7,13): error RZ10012: Found markup element with unexpected name 'Authorizing'. If this is intended to be a component, add a @using directive for its namespace. [/Users/netuser/Downloads/ErpPortal/ErpPortal.csproj]
/Users/netuser/Downloads/ErpPortal/Tests/UserRepositoryTests.cs(5,7): error CS0246: The type or namespace name 'FluentAssertions' could not be found (are you missing a using directive or an assembly reference?) [/Users/netuser/Downloads/ErpPortal/ErpPortal.csproj]
/Users/netuser/Downloads/ErpPortal/Tests/UserRepositoryTests.cs(7,7): error CS0246: The type or namespace name 'Moq' could not be found (are you missing a using directive or an assembly reference?) [/Users/netuser/Downloads/ErpPortal/ErpPortal.csproj]
/Users/netuser/Downloads/ErpPortal/Tests/UserRepositoryTests.cs(14,22): error CS0246: The type or namespace name 'Mock<>' could not be found (are you missing a using directive or an assembly reference?) [/Users/netuser/Downloads/ErpPortal/ErpPortal.csproj]
/Users/netuser/Downloads/ErpPortal/Tests/UserRepositoryTests.cs(15,22): error CS0246: The type or namespace name 'Mock<>' could not be found (are you missing a using directive or an assembly reference?) [/Users/netuser/Downloads/ErpPortal/ErpPortal.csproj]
/Users/netuser/Downloads/ErpPortal/Tests/UserRepositoryTests.cs(21,6): error CS0246: The type or namespace name 'FactAttribute' could not be found (are you missing a using directive or an assembly reference?) [/Users/netuser/Downloads/ErpPortal/ErpPortal.csproj]
/Users/netuser/Downloads/ErpPortal/Tests/UserRepositoryTests.cs(21,6): error CS0246: The type or namespace name 'Fact' could not be found (are you missing a using directive or an assembly reference?) [/Users/netuser/Downloads/ErpPortal/ErpPortal.csproj]
/Users/netuser/Downloads/ErpPortal/Tests/UserRepositoryTests.cs(46,6): error CS0246: The type or namespace name 'FactAttribute' could not be found (are you missing a using directive or an assembly reference?) [/Users/netuser/Downloads/ErpPortal/ErpPortal.csproj]
/Users/netuser/Downloads/ErpPortal/Tests/UserRepositoryTests.cs(46,6): error CS0246: The type or namespace name 'Fact' could not be found (are you missing a using directive or an assembly reference?) [/Users/netuser/Downloads/ErpPortal/ErpPortal.csproj]
/Users/netuser/Downloads/ErpPortal/Components/Pages/Login.razor(5,9): error CS0246: The type or namespace name 'EmptyLayout' could not be found (are you missing a using directive or an assembly reference?) [/Users/netuser/Downloads/ErpPortal/ErpPortal.csproj]
/Users/netuser/Downloads/ErpPortal/Components/Pages/Users/Index.razor(4,13): error CS0246: The type or namespace name 'OutputCacheAttribute' could not be found (are you missing a using directive or an assembly reference?) [/Users/netuser/Downloads/ErpPortal/ErpPortal.csproj]
/Users/netuser/Downloads/ErpPortal/Components/Pages/Users/Index.razor(4,13): error CS0246: The type or namespace name 'OutputCache' could not be found (are you missing a using directive or an assembly reference?) [/Users/netuser/Downloads/ErpPortal/ErpPortal.csproj]
/Users/netuser/Downloads/ErpPortal/Components/Pages/Tasks/Index.razor(4,13): error CS0246: The type or namespace name 'OutputCacheAttribute' could not be found (are you missing a using directive or an assembly reference?) [/Users/netuser/Downloads/ErpPortal/ErpPortal.csproj]
/Users/netuser/Downloads/ErpPortal/Components/Pages/Tasks/Index.razor(4,13): error CS0246: The type or namespace name 'OutputCache' could not be found (are you missing a using directive or an assembly reference?) [/Users/netuser/Downloads/ErpPortal/ErpPortal.csproj]
/Users/netuser/Downloads/ErpPortal/Components/Pages/Login.razor(3,9): error CS0246: The type or namespace name 'IAntiforgery' could not be found (are you missing a using directive or an assembly reference?) [/Users/netuser/Downloads/ErpPortal/ErpPortal.csproj]

Build FAILED.

/Users/netuser/Downloads/ErpPortal/Components/Pages/Dashboard.razor(33,21): error RZ10001: The type of component 'MudChip' cannot be inferred based on the values provided. Consider specifying the type arguments directly using the following attributes: 'T'. [/Users/netuser/Downloads/ErpPortal/ErpPortal.csproj]
/Users/netuser/Downloads/ErpPortal/Components/Pages/Tasks/Index.razor(46,17): error RZ10001: The type of component 'MudChip' cannot be inferred based on the values provided. Consider specifying the type arguments directly using the following attributes: 'T'. [/Users/netuser/Downloads/ErpPortal/ErpPortal.csproj]
/Users/netuser/Downloads/ErpPortal/Components/Routes.razor(3,9): error RZ10012: Found markup element with unexpected name 'AuthorizeRouteView'. If this is intended to be a component, add a @using directive for its namespace. [/Users/netuser/Downloads/ErpPortal/ErpPortal.csproj]
/Users/netuser/Downloads/ErpPortal/Components/Routes.razor(4,13): error RZ10012: Found markup element with unexpected name 'NotAuthorized'. If this is intended to be a component, add a @using directive for its namespace. [/Users/netuser/Downloads/ErpPortal/ErpPortal.csproj]
/Users/netuser/Downloads/ErpPortal/Components/Routes.razor(5,17): error RZ10012: Found markup element with unexpected name 'RedirectToLogin'. If this is intended to be a component, add a @using directive for its namespace. [/Users/netuser/Downloads/ErpPortal/ErpPortal.csproj]
/Users/netuser/Downloads/ErpPortal/Components/Routes.razor(7,13): error RZ10012: Found markup element with unexpected name 'Authorizing'. If this is intended to be a component, add a @using directive for its namespace. [/Users/netuser/Downloads/ErpPortal/ErpPortal.csproj]
/Users/netuser/Downloads/ErpPortal/Tests/UserRepositoryTests.cs(5,7): error CS0246: The type or namespace name 'FluentAssertions' could not be found (are you missing a using directive or an assembly reference?) [/Users/netuser/Downloads/ErpPortal/ErpPortal.csproj]
/Users/netuser/Downloads/ErpPortal/Tests/UserRepositoryTests.cs(7,7): error CS0246: The type or namespace name 'Moq' could not be found (are you missing a using directive or an assembly reference?) [/Users/netuser/Downloads/ErpPortal/ErpPortal.csproj]
/Users/netuser/Downloads/ErpPortal/Tests/UserRepositoryTests.cs(14,22): error CS0246: The type or namespace name 'Mock<>' could not be found (are you missing a using directive or an assembly reference?) [/Users/netuser/Downloads/ErpPortal/ErpPortal.csproj]
/Users/netuser/Downloads/ErpPortal/Tests/UserRepositoryTests.cs(15,22): error CS0246: The type or namespace name 'Mock<>' could not be found (are you missing a using directive or an assembly reference?) [/Users/netuser/Downloads/ErpPortal/ErpPortal.csproj]
/Users/netuser/Downloads/ErpPortal/Tests/UserRepositoryTests.cs(21,6): error CS0246: The type or namespace name 'FactAttribute' could not be found (are you missing a using directive or an assembly reference?) [/Users/netuser/Downloads/ErpPortal/ErpPortal.csproj]
/Users/netuser/Downloads/ErpPortal/Tests/UserRepositoryTests.cs(21,6): error CS0246: The type or namespace name 'Fact' could not be found (are you missing a using directive or an assembly reference?) [/Users/netuser/Downloads/ErpPortal/ErpPortal.csproj]
/Users/netuser/Downloads/ErpPortal/Tests/UserRepositoryTests.cs(46,6): error CS0246: The type or namespace name 'FactAttribute' could not be found (are you missing a using directive or an assembly reference?) [/Users/netuser/Downloads/ErpPortal/ErpPortal.csproj]
/Users/netuser/Downloads/ErpPortal/Tests/UserRepositoryTests.cs(46,6): error CS0246: The type or namespace name 'Fact' could not be found (are you missing a using directive or an assembly reference?) [/Users/netuser/Downloads/ErpPortal/ErpPortal.csproj]
/Users/netuser/Downloads/ErpPortal/Components/Pages/Login.razor(5,9): error CS0246: The type or namespace name 'EmptyLayout' could not be found (are you missing a using directive or an assembly reference?) [/Users/netuser/Downloads/ErpPortal/ErpPortal.csproj]
/Users/netuser/Downloads/ErpPortal/Components/Pages/Users/Index.razor(4,13): error CS0246: The type or namespace name 'OutputCacheAttribute' could not be found (are you missing a using directive or an assembly reference?) [/Users/netuser/Downloads/ErpPortal/ErpPortal.csproj]
/Users/netuser/Downloads/ErpPortal/Components/Pages/Users/Index.razor(4,13): error CS0246: The type or namespace name 'OutputCache' could not be found (are you missing a using directive or an assembly reference?) [/Users/netuser/Downloads/ErpPortal/ErpPortal.csproj]
/Users/netuser/Downloads/ErpPortal/Components/Pages/Tasks/Index.razor(4,13): error CS0246: The type or namespace name 'OutputCacheAttribute' could not be found (are you missing a using directive or an assembly reference?) [/Users/netuser/Downloads/ErpPortal/ErpPortal.csproj]
/Users/netuser/Downloads/ErpPortal/Components/Pages/Tasks/Index.razor(4,13): error CS0246: The type or namespace name 'OutputCache' could not be found (are you missing a using directive or an assembly reference?) [/Users/netuser/Downloads/ErpPortal/ErpPortal.csproj]
/Users/netuser/Downloads/ErpPortal/Components/Pages/Login.razor(3,9): error CS0246: The type or namespace name 'IAntiforgery' could not be found (are you missing a using directive or an assembly reference?) [/Users/netuser/Downloads/ErpPortal/ErpPortal.csproj]
    0 Warning(s)
    20 Error(s)

Time Elapsed 00:00:01.90
